// Jest Snapshot v1, https://goo.gl/fbAQLP

exports[`Test clearProfile action 1`] = `
Object {
  "type": "CLEAR_PROFILE",
}
`;

exports[`Test fillProfile action 1`] = `
Object {
  "payload": Object {
    "avatar": "TEST_AVATAR",
    "firstName": "Walter",
    "id": "TEST_ID",
    "lastName": "White",
    "token": "TEST_TOKEN",
  },
  "type": "FILL_PROFILE ",
}
`;

exports[`Test updateAvatar action 1`] = `
Object {
  "payload": "https://www.url.com",
  "type": "UPDATE_AVATAR",
}
`;

exports[`Test updateAvatarAsync action 1`] = `
Object {
  "payload": Array [
    "avatar",
  ],
  "type": "UPDATE_AVATAR_ASYNC",
}
`;

exports[`Test updateNameAsync action 1`] = `
Object {
  "payload": Object {
    "firstName": "Anton",
    "lastName": "Podgornyj",
  },
  "type": "UPDATE_NAME_ASYNC",
}
`;

exports[`Test updatePasswordAsync action 1`] = `
Object {
  "payload": Object {
    "newPassword": "123456",
    "oldPassword": "12345",
  },
  "type": "UPDATE_PASSWORD_ASYNC",
}
`;
